// Jest Snapshot v1, https://goo.gl/fbAQLP

exports[`TasksAddButton should render correctly 1`] = `
<Provider
  store={
    Object {
      "clearActions": [Function],
      "dispatch": [Function],
      "getActions": [Function],
      "getState": [Function],
      "replaceReducer": [Function],
      "subscribe": [Function],
    }
  }
>
  <TasksAddButton>
    <Styled(Component)
      onClick={[Function]}
    >
      <Component
        className="Component-root-1"
        onClick={[Function]}
      >
        <WithStyles(ForwardRef(Button))
          className="Component-root-1"
          onClick={[Function]}
          startIcon={<Memo(AddIcon) />}
        >
          <ForwardRef(Button)
            className="Component-root-1"
            classes={
              Object {
                "colorInherit": "MuiButton-colorInherit",
                "contained": "MuiButton-contained",
                "containedPrimary": "MuiButton-containedPrimary",
                "containedSecondary": "MuiButton-containedSecondary",
                "containedSizeLarge": "MuiButton-containedSizeLarge",
                "containedSizeSmall": "MuiButton-containedSizeSmall",
                "disableElevation": "MuiButton-disableElevation",
                "disabled": "Mui-disabled",
                "endIcon": "MuiButton-endIcon",
                "focusVisible": "Mui-focusVisible",
                "fullWidth": "MuiButton-fullWidth",
                "iconSizeLarge": "MuiButton-iconSizeLarge",
                "iconSizeMedium": "MuiButton-iconSizeMedium",
                "iconSizeSmall": "MuiButton-iconSizeSmall",
                "label": "MuiButton-label",
                "outlined": "MuiButton-outlined",
                "outlinedPrimary": "MuiButton-outlinedPrimary",
                "outlinedSecondary": "MuiButton-outlinedSecondary",
                "outlinedSizeLarge": "MuiButton-outlinedSizeLarge",
                "outlinedSizeSmall": "MuiButton-outlinedSizeSmall",
                "root": "MuiButton-root",
                "sizeLarge": "MuiButton-sizeLarge",
                "sizeSmall": "MuiButton-sizeSmall",
                "startIcon": "MuiButton-startIcon",
                "text": "MuiButton-text",
                "textPrimary": "MuiButton-textPrimary",
                "textSecondary": "MuiButton-textSecondary",
                "textSizeLarge": "MuiButton-textSizeLarge",
                "textSizeSmall": "MuiButton-textSizeSmall",
              }
            }
            onClick={[Function]}
            startIcon={<Memo(AddIcon) />}
          >
            <WithStyles(ForwardRef(ButtonBase))
              className="MuiButton-root MuiButton-text Component-root-1"
              component="button"
              disabled={false}
              focusRipple={true}
              focusVisibleClassName="Mui-focusVisible"
              onClick={[Function]}
              type="button"
            >
              <ForwardRef(ButtonBase)
                className="MuiButton-root MuiButton-text Component-root-1"
                classes={
                  Object {
                    "disabled": "Mui-disabled",
                    "focusVisible": "Mui-focusVisible",
                    "root": "MuiButtonBase-root",
                  }
                }
                component="button"
                disabled={false}
                focusRipple={true}
                focusVisibleClassName="Mui-focusVisible"
                onClick={[Function]}
                type="button"
              >
                <button
                  className="MuiButtonBase-root MuiButton-root MuiButton-text Component-root-1"
                  disabled={false}
                  onBlur={[Function]}
                  onClick={[Function]}
                  onDragLeave={[Function]}
                  onFocus={[Function]}
                  onKeyDown={[Function]}
                  onKeyUp={[Function]}
                  onMouseDown={[Function]}
                  onMouseLeave={[Function]}
                  onMouseUp={[Function]}
                  onTouchEnd={[Function]}
                  onTouchMove={[Function]}
                  onTouchStart={[Function]}
                  tabIndex={0}
                  type="button"
                >
                  <span
                    className="MuiButton-label"
                  >
                    <span
                      className="MuiButton-startIcon MuiButton-iconSizeMedium"
                    >
                      <ForwardRef>
                        <WithStyles(ForwardRef(SvgIcon))>
                          <ForwardRef(SvgIcon)
                            classes={
                              Object {
                                "colorAction": "MuiSvgIcon-colorAction",
                                "colorDisabled": "MuiSvgIcon-colorDisabled",
                                "colorError": "MuiSvgIcon-colorError",
                                "colorPrimary": "MuiSvgIcon-colorPrimary",
                                "colorSecondary": "MuiSvgIcon-colorSecondary",
                                "fontSizeInherit": "MuiSvgIcon-fontSizeInherit",
                                "fontSizeLarge": "MuiSvgIcon-fontSizeLarge",
                                "fontSizeSmall": "MuiSvgIcon-fontSizeSmall",
                                "root": "MuiSvgIcon-root",
                              }
                            }
                          >
                            <svg
                              aria-hidden={true}
                              className="MuiSvgIcon-root"
                              focusable="false"
                              viewBox="0 0 24 24"
                            >
                              <path
                                d="M19 13h-6v6h-2v-6H5v-2h6V5h2v6h6v2z"
                              />
                            </svg>
                          </ForwardRef(SvgIcon)>
                        </WithStyles(ForwardRef(SvgIcon))>
                      </ForwardRef>
                    </span>
                    Add task
                  </span>
                  <WithStyles(memo)
                    center={false}
                  >
                    <ForwardRef(TouchRipple)
                      center={false}
                      classes={
                        Object {
                          "child": "MuiTouchRipple-child",
                          "childLeaving": "MuiTouchRipple-childLeaving",
                          "childPulsate": "MuiTouchRipple-childPulsate",
                          "ripple": "MuiTouchRipple-ripple",
                          "ripplePulsate": "MuiTouchRipple-ripplePulsate",
                          "rippleVisible": "MuiTouchRipple-rippleVisible",
                          "root": "MuiTouchRipple-root",
                        }
                      }
                    >
                      <span
                        className="MuiTouchRipple-root"
                      >
                        <TransitionGroup
                          childFactory={[Function]}
                          component={null}
                          exit={true}
                        />
                      </span>
                    </ForwardRef(TouchRipple)>
                  </WithStyles(memo)>
                </button>
              </ForwardRef(ButtonBase)>
            </WithStyles(ForwardRef(ButtonBase))>
          </ForwardRef(Button)>
        </WithStyles(ForwardRef(Button))>
      </Component>
    </Styled(Component)>
  </TasksAddButton>
</Provider>
`;
