// Jest Snapshot v1, https://goo.gl/fbAQLP

exports[`Header should render correctly 1`] = `
<h3
  class="MuiTypography-root MuiTypography-h3"
>
  Task Manager
</h3>
`;
