// Jest Snapshot v1, https://goo.gl/fbAQLP

exports[`App should render correctly 1`] = `
<styled.div>
  <Header />
  <Memo() />
</styled.div>
`;
